#-----------------------------------------------------------
# Vivado v2020.2 (64-bit)
# SW Build 3064766 on Wed Nov 18 09:12:47 MST 2020
# IP Build 3064653 on Wed Nov 18 14:17:31 MST 2020
# Start of session at: Wed Feb 16 16:09:48 2022
# Process ID: 726502
# Current directory: /home/jeronimocosta/Documentos/GIT/grn_CCPE_2022/grn_5pe_naive_eq_1t_1b/xilinx_aws_f1/hw/simulate/build_dir.hw_emu.xilinx_aws-vu9p-f1_shell-v04261818_201920_2/link/vivado/vpl
# Command line: vivado -log vivado.log -applog -messageDb vivado.pb -mode batch -source vpl.tcl -notrace
# Log file: /home/jeronimocosta/Documentos/GIT/grn_CCPE_2022/grn_5pe_naive_eq_1t_1b/xilinx_aws_f1/hw/simulate/build_dir.hw_emu.xilinx_aws-vu9p-f1_shell-v04261818_201920_2/link/vivado/vpl/vivado.log
# Journal file: /home/jeronimocosta/Documentos/GIT/grn_CCPE_2022/grn_5pe_naive_eq_1t_1b/xilinx_aws_f1/hw/simulate/build_dir.hw_emu.xilinx_aws-vu9p-f1_shell-v04261818_201920_2/link/vivado/vpl/vivado.jou
#-----------------------------------------------------------
source vpl.tcl -notrace
